__tests__/api/campaign-execution.test.ts(13,5): error TS2353: Object literal may only specify known properties, and 'focus_segments' does not exist in type '{ id: string; name: string; order: number; start_date: string; end_date: string; focus_stage: "awareness" | "engagement" | "consideration" | "conversion" | "mobilization"; focus_goals: string[]; ... 13 more ...; risks_and_watchouts?: string[] | undefined; }'.
__tests__/api/campaign-execution.test.ts(26,3): error TS2739: Type '{ id: string; sprint_id: string; date: string; channel: string; slot_index: number; objective: "reach"; content_type: "static_image"; status: "planned"; }' is missing the following properties from type '{ id: string; sprint_id: string; campaign_id: string; date: string; channel: string; slot_index: number; related_goal_ids: string[]; objective: "engagement" | "conversion" | "mobilization" | "reach" | "traffic" | "lead"; ... 15 more ...; draft_status?: "approved" | ... 3 more ... | undefined; }': campaign_id, related_goal_ids, funnel_stage, angle_type, cta_type
__tests__/api/campaign-execution.test.ts(200,9): error TS2353: Object literal may only specify known properties, and 'focus_segments' does not exist in type '{ id: string; name: string; order: number; start_date: string; end_date: string; focus_stage: "awareness" | "engagement" | "consideration" | "conversion" | "mobilization"; focus_goals: string[]; ... 13 more ...; risks_and_watchouts?: string[] | undefined; }'.
__tests__/api/campaign-execution.test.ts(205,21): error TS2339: Property 'focus_segments' does not exist on type '{ id: string; name: string; order: number; start_date: string; end_date: string; focus_stage: "awareness" | "engagement" | "consideration" | "conversion" | "mobilization"; focus_goals: string[]; ... 13 more ...; risks_and_watchouts?: string[] | undefined; }'.
__tests__/api/campaign-execution.test.ts(206,21): error TS2339: Property 'focus_topics' does not exist on type '{ id: string; name: string; order: number; start_date: string; end_date: string; focus_stage: "awareness" | "engagement" | "consideration" | "conversion" | "mobilization"; focus_goals: string[]; ... 13 more ...; risks_and_watchouts?: string[] | undefined; }'.
__tests__/api/campaign-execution.test.ts(207,21): error TS2339: Property 'focus_channels' does not exist on type '{ id: string; name: string; order: number; start_date: string; end_date: string; focus_stage: "awareness" | "engagement" | "consideration" | "conversion" | "mobilization"; focus_goals: string[]; ... 13 more ...; risks_and_watchouts?: string[] | undefined; }'.
components/campaigns/CampaignOverviewCard.tsx(278,30): error TS2339: Property 'suggested_phase' does not exist on type '{ title: string; description: string; id?: string | undefined; priority?: number | undefined; primary_goal_ids?: string[] | undefined; primary_topic_ids?: string[] | undefined; goal_indices?: number[] | undefined; topic_indices?: number[] | undefined; suggested_phase?: "early" | ... 2 more ... | undefined; } | { ......'.
  Property 'suggested_phase' does not exist on type '{ title: string; priority: number; description?: string | undefined; target_metric?: Record<string, any> | undefined; funnel_stage?: "awareness" | "engagement" | "consideration" | "conversion" | "mobilization" | undefined; kpi_hint?: string | undefined; }'.
components/campaigns/CampaignOverviewCard.tsx(280,91): error TS2339: Property 'suggested_phase' does not exist on type '{ title: string; description: string; id?: string | undefined; priority?: number | undefined; primary_goal_ids?: string[] | undefined; primary_topic_ids?: string[] | undefined; goal_indices?: number[] | undefined; topic_indices?: number[] | undefined; suggested_phase?: "early" | ... 2 more ... | undefined; } | { ......'.
  Property 'suggested_phase' does not exist on type '{ title: string; priority: number; description?: string | undefined; target_metric?: Record<string, any> | undefined; funnel_stage?: "awareness" | "engagement" | "consideration" | "conversion" | "mobilization" | undefined; kpi_hint?: string | undefined; }'.
components/campaigns/CampaignOverviewCard.tsx(300,32): error TS2339: Property 'funnel_stage' does not exist on type '{ title: string; description: string; id?: string | undefined; priority?: number | undefined; primary_goal_ids?: string[] | undefined; primary_topic_ids?: string[] | undefined; goal_indices?: number[] | undefined; topic_indices?: number[] | undefined; suggested_phase?: "early" | ... 2 more ... | undefined; } | { ......'.
  Property 'funnel_stage' does not exist on type '{ title: string; description: string; id?: string | undefined; priority?: number | undefined; primary_goal_ids?: string[] | undefined; primary_topic_ids?: string[] | undefined; goal_indices?: number[] | undefined; topic_indices?: number[] | undefined; suggested_phase?: "early" | ... 2 more ... | undefined; }'.
components/campaigns/CampaignOverviewCard.tsx(302,85): error TS2339: Property 'funnel_stage' does not exist on type '{ title: string; description: string; id?: string | undefined; priority?: number | undefined; primary_goal_ids?: string[] | undefined; primary_topic_ids?: string[] | undefined; goal_indices?: number[] | undefined; topic_indices?: number[] | undefined; suggested_phase?: "early" | ... 2 more ... | undefined; } | { ......'.
  Property 'funnel_stage' does not exist on type '{ title: string; description: string; id?: string | undefined; priority?: number | undefined; primary_goal_ids?: string[] | undefined; primary_topic_ids?: string[] | undefined; goal_indices?: number[] | undefined; topic_indices?: number[] | undefined; suggested_phase?: "early" | ... 2 more ... | undefined; }'.
components/campaigns/CampaignOverviewCard.tsx(305,32): error TS2339: Property 'kpi_hint' does not exist on type '{ title: string; description: string; id?: string | undefined; priority?: number | undefined; primary_goal_ids?: string[] | undefined; primary_topic_ids?: string[] | undefined; goal_indices?: number[] | undefined; topic_indices?: number[] | undefined; suggested_phase?: "early" | ... 2 more ... | undefined; } | { ......'.
  Property 'kpi_hint' does not exist on type '{ title: string; description: string; id?: string | undefined; priority?: number | undefined; primary_goal_ids?: string[] | undefined; primary_topic_ids?: string[] | undefined; goal_indices?: number[] | undefined; topic_indices?: number[] | undefined; suggested_phase?: "early" | ... 2 more ... | undefined; }'.
components/campaigns/CampaignOverviewCard.tsx(307,71): error TS2339: Property 'kpi_hint' does not exist on type '{ title: string; description: string; id?: string | undefined; priority?: number | undefined; primary_goal_ids?: string[] | undefined; primary_topic_ids?: string[] | undefined; goal_indices?: number[] | undefined; topic_indices?: number[] | undefined; suggested_phase?: "early" | ... 2 more ... | undefined; } | { ......'.
  Property 'kpi_hint' does not exist on type '{ title: string; description: string; id?: string | undefined; priority?: number | undefined; primary_goal_ids?: string[] | undefined; primary_topic_ids?: string[] | undefined; goal_indices?: number[] | undefined; topic_indices?: number[] | undefined; suggested_phase?: "early" | ... 2 more ... | undefined; }'.
